// Jest Snapshot v1, https://goo.gl/fbAQLP

exports[`Code blocks should render code 1`] = `
<code>
  &lt;button&gt;OK&lt;/button&gt;
</code>
`;
